Mon Aug 17 14:40:04 2020 : [Errno 11] Resource temporarily unavailable
Mon Aug 17 14:40:14 2020 : [Errno 11] Resource temporarily unavailable
Mon Aug 17 14:40:16 2020 : [Errno 11] Resource temporarily unavailable
Mon Aug 17 14:40:18 2020 : [Errno 11] Resource temporarily unavailable
Mon Aug 17 14:40:20 2020 : [Errno 11] Resource temporarily unavailable
Mon Aug 17 14:49:49 2020 : timed out
Mon Aug 17 14:49:52 2020 : timed out
Mon Aug 17 14:49:55 2020 : timed out
Mon Aug 17 14:49:58 2020 : timed out
